exports[`TableTitle React component Renders correctly 1`] = `
<th
  className="tableTitle"
  colSpan={1}>
  Some Statistics
</th>
`;
