exports[`FormInput React component Renders correctly 1`] = `
<input
  className="formInput large"
  id="field"
  name="field"
  onChange={undefined}
  placeholder={undefined}
  type="text"
  value="contents" />
`;
