exports[`DefineItem React component Renders correctly 1`] = `
<dd
  className="defineItem">
  Item
</dd>
`;
