exports[`<FormLabel /> React component unit test suite Renders correctly 1`] = `
<label
  className="formLabel"
  htmlFor={undefined} />
`;
