exports[`Button React component Renders correctly 1`] = `
<button
  className="button default"
  disabled={false}
  onClick={undefined}
  type="submit">
  Submit
</button>
`;
