exports[`<Main /> React component unit test suite Renders correctly 1`] = `
<main
  className="main">
  <div>
    Hello
  </div>
</main>
`;
