exports[`TableCell React component Renders correctly 1`] = `
<td
  className="tableCell"
  colSpan={1}>
  Cell 1
</td>
`;
