exports[`<FormCheckbox /> React component unit test suite Renders correctly 1`] = `
<input
  className="checkbox"
  id="field"
  name="field"
  onClick={undefined}
  type="checkbox" />
`;
