exports[`<Strong /> React component unit test suite Renders correctly 1`] = `
<strong
  className="strong">
  Heavy Text
</strong>
`;
