exports[`ListItem React component Renders correctly 1`] = `
<li
  className="li copy">
  List Item 1
</li>
`;
