exports[`<DefineList /> React component unit test suite Renders correctly 1`] = `
<dl
  className="defineList vertical" />
`;
