exports[`<FormTextArea /> React component unit test suite Renders correctly 1`] = `
<textarea
  className="formTextArea"
  id={undefined}
  name={undefined}
  placeholder={undefined} />
`;
