exports[`<Logo /> React component unit test suite Renders correctly 1`] = `
<img
  alt="Numenta Logo"
  className="image"
  onClick={undefined}
  src="mockfile.ext"
  title="Numenta" />
`;
