exports[`<Paragraph /> React component unit test suite Renders correctly 1`] = `
<p
  className="paragraph" />
`;
