exports[`<Image /> React component unit test suite Renders correctly 1`] = `
<img
  alt={undefined}
  className="image shadow"
  onClick={undefined}
  src={undefined}
  title={undefined} />
`;
