exports[`<FormRow /> React component unit test suite Renders correctly 1`] = `
<div
  className="formRow" />
`;
