exports[`<Spacer /> React component unit test suite Renders correctly 1`] = `
<span
  className="spacer">
  â€¢
</span>
`;
