exports[`ImageLink React component Renders correctly 1`] = `
<a
  className="imagelink"
  href="http://numenta.com"
  onClick={[Function onClick]}
  title={undefined}>
  <img
    alt="Zebra"
    className="image shadow"
    onClick={undefined}
    src="zebra.png"
    title={undefined} />
</a>
`;
