exports[`Disqus React component Renders correctly 1`] = `
<div
  id="disqus_thread" />
`;
