exports[`<Time /> React component unit test suite Renders correctly 1`] = `
<time
  className="time"
  dateTime="2016-09-21T18:15:55-07:00" />
`;
