exports[`Code React component Renders correctly 1`] = `
<code
  className="code">
  const KEY = \'id_123\'
</code>
`;
