exports[`<Avatar /> React component unit test suite Renders correctly 1`] = `
<span
  className="avatar">
  <img
    alt="Jeff Hawkins"
    className="image border round"
    onClick={undefined}
    src="filename.ext"
    title="Jeff Hawkins" />
</span>
`;
