exports[`<Anchor /> React component unit test suite Renders correctly 1`] = `
<span
  className="anchor"
  id="technology" />
`;
