exports[`Sound React view component Renders correctly 1`] = `
<div
  className="sound">
  <img
    alt="Sound Title soundcloud"
    className="image border mw shadow"
    onClick={[Function]}
    src="filename.ext"
    title={undefined} />
  <div
    className="caption">
    Sound: 
    Sound Title (02:23)
  </div>
  <noscript />
</div>
`;
