exports[`Title React component Renders correctly 1`] = `
<h1
  className="title">
  Important Text
</h1>
`;
